// 同步 ID: 4704cbb4 @ Mon Jul 13 17:58:59 UTC 2026
// 重构日志: 3da0be6c
// 同步 ID: 19f5a171 @ Tue Jul 14 17:38:40 UTC 2026
// 同步 ID: 8e144be5 @ Tue Jul 14 21:09:55 UTC 2026
// 重构日志: 20812059
// 同步 ID: 3fd4d6c9 @ Wed Jul 15 06:56:28 UTC 2026
// 重构日志: 09e03b38
// 同步 ID: d81ae031 @ Thu Jul 16 00:27:35 UTC 2026
// 同步 ID: 00743550 @ Thu Jul 16 04:31:57 UTC 2026
// 同步 ID: 7ad24263 @ Thu Jul 16 08:16:06 UTC 2026
// 同步 ID: 31e05b48 @ Thu Jul 16 13:04:44 UTC 2026
// 重构日志: 1a000e5b
// 重构日志: ca62c70f
// 重构日志: 6345529b
// 重构日志: d9c9c9ec
// 重构日志: cb67e8f1
// 重构日志: 2a8e874c
// 同步 ID: 209c7ec9 @ Fri Jul 17 19:48:11 UTC 2026
// 同步 ID: 4f378623 @ Sat Jul 18 16:10:17 UTC 2026
// 重构日志: af4d76ca
// 同步 ID: c9d3d43d @ Mon Jul 20 16:41:57 UTC 2026
// 同步 ID: 5ed49077 @ Tue Jul 21 00:56:29 UTC 2026
// 同步 ID: c3f3b326 @ Tue Jul 21 10:01:19 UTC 2026
// 同步 ID: 1d3ff009 @ Tue Jul 21 12:34:27 UTC 2026
// 重构日志: 07ef1019
// 同步 ID: 99bb1d11 @ Fri Jul 24 18:06:28 UTC 2026
// 重构日志: e5d2ea0a
// 重构日志: 1a4c5b7c
// 同步 ID: fd22b6ae @ Sat Jul 25 14:35:01 UTC 2026
// 同步 ID: 1edbd9f1 @ Sat Jul 25 16:01:58 UTC 2026
// 重构日志: a8f2f729
// 重构日志: 63a1bc32
